yarn run v1.22.22
$ craco test --watchAll=false
FAIL src/__tests__/Header.test.js
  ● Test suite failed to run

    Cannot find module '@testing-library/dom' from 'node_modules/@testing-library/react/dist/pure.js'

    Require stack:
      node_modules/@testing-library/react/dist/pure.js
      node_modules/@testing-library/react/dist/index.js
      src/__tests__/Header.test.js

    [0m [90m 1 |[39m [36mimport[39m [33mReact[39m [36mfrom[39m [32m'react'[39m[33m;[39m
    [31m[1m>[22m[39m[90m 2 |[39m [36mimport[39m { render } [36mfrom[39m [32m'@testing-library/react'[39m[33m;[39m
     [90m   |[39m [31m[1m^[22m[39m
     [90m 3 |[39m [36mimport[39m { [33mRoute[39m[33m,[39m [33mBrowserRouter[39m [36mas[39m [33mRouter[39m } [36mfrom[39m [32m'react-router-dom'[39m[33m;[39m
     [90m 4 |[39m [36mimport[39m [33mHeader[39m [36mfrom[39m [32m'../components/layout/header/Header'[39m[33m;[39m
     [90m 5 |[39m [36mimport[39m store [36mfrom[39m [32m'../redux/store'[39m[0m

      at Resolver.resolveModule (node_modules/jest-resolve/build/resolver.js:324:11)
      at Object.<anonymous> (node_modules/@testing-library/react/dist/pure.js:46:12)
      at Object.<anonymous> (node_modules/@testing-library/react/dist/index.js:7:13)
      at Object.<anonymous> (src/__tests__/Header.test.js:2:1)

FAIL src/__tests__/SideMenu.test.js
  ● Test suite failed to run

    Cannot find module '@testing-library/dom' from 'node_modules/@testing-library/react/dist/pure.js'

    Require stack:
      node_modules/@testing-library/react/dist/pure.js
      node_modules/@testing-library/react/dist/index.js
      src/__tests__/SideMenu.test.js

    [0m [90m 1 |[39m [36mimport[39m [33mReact[39m [36mfrom[39m [32m'react'[39m[33m;[39m
    [31m[1m>[22m[39m[90m 2 |[39m [36mimport[39m { render } [36mfrom[39m [32m'@testing-library/react'[39m[33m;[39m
     [90m   |[39m [31m[1m^[22m[39m
     [90m 3 |[39m [36mimport[39m [33mSideMenu[39m [36mfrom[39m [32m'../components/layout/sidemenu/SideMenu'[39m[33m;[39m
     [90m 4 |[39m [36mimport[39m { [33mBrowserRouter[39m [36mas[39m [33mRouter[39m } [36mfrom[39m [32m'react-router-dom'[39m
     [90m 5 |[39m [36mimport[39m { [33mProvider[39m } [36mfrom[39m [32m'react-redux'[39m[0m

      at Resolver.resolveModule (node_modules/jest-resolve/build/resolver.js:324:11)
      at Object.<anonymous> (node_modules/@testing-library/react/dist/pure.js:46:12)
      at Object.<anonymous> (node_modules/@testing-library/react/dist/index.js:7:13)
      at Object.<anonymous> (src/__tests__/SideMenu.test.js:2:1)

FAIL src/__tests__/App.test.js
  ● Test suite failed to run

    Cannot find module '@testing-library/dom' from 'node_modules/@testing-library/react/dist/pure.js'

    Require stack:
      node_modules/@testing-library/react/dist/pure.js
      node_modules/@testing-library/react/dist/index.js
      src/__tests__/App.test.js

    [0m [90m 1 |[39m [36mimport[39m [33mReact[39m [36mfrom[39m [32m'react'[39m[33m;[39m
    [31m[1m>[22m[39m[90m 2 |[39m [36mimport[39m { render } [36mfrom[39m [32m'@testing-library/react'[39m[33m;[39m
     [90m   |[39m [31m[1m^[22m[39m
     [90m 3 |[39m [36mimport[39m { [33mBrowserRouter[39m [36mas[39m [33mRouter[39m[33m,[39m [33mRoute[39m } [36mfrom[39m [32m'react-router-dom'[39m
     [90m 4 |[39m [36mimport[39m [33mApp[39m [36mfrom[39m [32m'../App'[39m[33m;[39m
     [90m 5 |[39m [36mimport[39m { [33mProvider[39m } [36mfrom[39m [32m'react-redux'[39m[0m

      at Resolver.resolveModule (node_modules/jest-resolve/build/resolver.js:324:11)
      at Object.<anonymous> (node_modules/@testing-library/react/dist/pure.js:46:12)
      at Object.<anonymous> (node_modules/@testing-library/react/dist/index.js:7:13)
      at Object.<anonymous> (src/__tests__/App.test.js:2:1)

FAIL src/__tests__/GamesList.test.js
  ● Test suite failed to run

    Cannot find module '@testing-library/dom' from 'node_modules/@testing-library/react/dist/pure.js'

    Require stack:
      node_modules/@testing-library/react/dist/pure.js
      node_modules/@testing-library/react/dist/index.js
      src/__tests__/GamesList.test.js

    [0m [90m 1 |[39m [36mimport[39m [33mReact[39m [36mfrom[39m [32m'react'[39m[33m;[39m
    [31m[1m>[22m[39m[90m 2 |[39m [36mimport[39m { render } [36mfrom[39m [32m'@testing-library/react'[39m[33m;[39m
     [90m   |[39m [31m[1m^[22m[39m
     [90m 3 |[39m [36mimport[39m { [33mBrowserRouter[39m [36mas[39m [33mRouter[39m[33m,[39m [33mRoute[39m } [36mfrom[39m [32m'react-router-dom'[39m
     [90m 4 |[39m [36mimport[39m [33mGamesList[39m [36mfrom[39m [32m'../components/gamesList/GamesList'[39m[33m;[39m
     [90m 5 |[39m [36mimport[39m { [33mProvider[39m } [36mfrom[39m [32m'react-redux'[39m[0m

      at Resolver.resolveModule (node_modules/jest-resolve/build/resolver.js:324:11)
      at Object.<anonymous> (node_modules/@testing-library/react/dist/pure.js:46:12)
      at Object.<anonymous> (node_modules/@testing-library/react/dist/index.js:7:13)
      at Object.<anonymous> (src/__tests__/GamesList.test.js:2:1)

FAIL src/__tests__/Groups.test.js
  ● Test suite failed to run

    Cannot find module '@testing-library/dom' from 'node_modules/@testing-library/react/dist/pure.js'

    Require stack:
      node_modules/@testing-library/react/dist/pure.js
      node_modules/@testing-library/react/dist/index.js
      src/__tests__/Groups.test.js

    [0m [90m 1 |[39m [36mimport[39m [33mReact[39m [36mfrom[39m [32m'react'[39m[33m;[39m
    [31m[1m>[22m[39m[90m 2 |[39m [36mimport[39m { render[33m,[39m screen[33m,[39m fireEvent } [36mfrom[39m [32m'@testing-library/react'[39m[33m;[39m
     [90m   |[39m [31m[1m^[22m[39m
     [90m 3 |[39m [36mimport[39m userEvent [36mfrom[39m [32m'@testing-library/user-event'[39m
     [90m 4 |[39m [36mimport[39m [33mGroup[39m [36mfrom[39m [32m'../components/groups/Group'[39m[33m;[39m
     [90m 5 |[39m [36mimport[39m [33mGroups[39m [36mfrom[39m [32m'../components/groups/Groups'[39m[33m;[39m[0m

      at Resolver.resolveModule (node_modules/jest-resolve/build/resolver.js:324:11)
      at Object.<anonymous> (node_modules/@testing-library/react/dist/pure.js:46:12)
      at Object.<anonymous> (node_modules/@testing-library/react/dist/index.js:7:13)
      at Object.<anonymous> (src/__tests__/Groups.test.js:2:1)

FAIL src/__tests__/Leaderboards.test.js
  ● Test suite failed to run

    Cannot find module '@testing-library/dom' from 'node_modules/@testing-library/react/dist/pure.js'

    Require stack:
      node_modules/@testing-library/react/dist/pure.js
      node_modules/@testing-library/react/dist/index.js
      src/__tests__/Leaderboards.test.js

    [0m [90m 1 |[39m [36mimport[39m [33mReact[39m [36mfrom[39m [32m'react'[39m
    [31m[1m>[22m[39m[90m 2 |[39m [36mimport[39m { render } [36mfrom[39m [32m'@testing-library/react'[39m[33m;[39m
     [90m   |[39m [31m[1m^[22m[39m
     [90m 3 |[39m [36mimport[39m { [33mBrowserRouter[39m [36mas[39m [33mRouter[39m[33m,[39m [33mRoute[39m } [36mfrom[39m [32m'react-router-dom'[39m
     [90m 4 |[39m [36mimport[39m [33mLeaderboards[39m [36mfrom[39m [32m'../components/leaderboards/Leaderboards'[39m
     [90m 5 |[39m [36mimport[39m { [33mProvider[39m } [36mfrom[39m [32m'react-redux'[39m[0m

      at Resolver.resolveModule (node_modules/jest-resolve/build/resolver.js:324:11)
      at Object.<anonymous> (node_modules/@testing-library/react/dist/pure.js:46:12)
      at Object.<anonymous> (node_modules/@testing-library/react/dist/index.js:7:13)
      at Object.<anonymous> (src/__tests__/Leaderboards.test.js:2:1)

FAIL src/__tests__/Profile.test.js
  ● Test suite failed to run

    Cannot find module '@testing-library/dom' from 'node_modules/@testing-library/react/dist/pure.js'

    Require stack:
      node_modules/@testing-library/react/dist/pure.js
      node_modules/@testing-library/react/dist/index.js
      src/__tests__/Profile.test.js

    [0m [90m 1 |[39m [36mimport[39m [33mReact[39m [36mfrom[39m [32m'react'[39m[33m;[39m
    [31m[1m>[22m[39m[90m 2 |[39m [36mimport[39m { render } [36mfrom[39m [32m'@testing-library/react'[39m[33m;[39m
     [90m   |[39m [31m[1m^[22m[39m
     [90m 3 |[39m [36mimport[39m [33mProfile[39m [36mfrom[39m [32m'../components/profile/Profile'[39m[33m;[39m
     [90m 4 |[39m [36mimport[39m { changeUserDetails[33m,[39m updateUserDetails } [36mfrom[39m [32m'../redux/actions/userActions'[39m
     [90m 5 |[39m [36mimport[39m { [33mBrowserRouter[39m [36mas[39m [33mRouter[39m } [36mfrom[39m [32m'react-router-dom'[39m[0m

      at Resolver.resolveModule (node_modules/jest-resolve/build/resolver.js:324:11)
      at Object.<anonymous> (node_modules/@testing-library/react/dist/pure.js:46:12)
      at Object.<anonymous> (node_modules/@testing-library/react/dist/index.js:7:13)
      at Object.<anonymous> (src/__tests__/Profile.test.js:2:1)

FAIL src/__tests__/LoginModal.test.js
  ● Test suite failed to run

    Cannot find module '@testing-library/dom' from 'node_modules/@testing-library/react/dist/pure.js'

    Require stack:
      node_modules/@testing-library/react/dist/pure.js
      node_modules/@testing-library/react/dist/index.js
      src/__tests__/LoginModal.test.js

    [0m [90m 1 |[39m [36mimport[39m [33mReact[39m [36mfrom[39m [32m'react'[39m[33m;[39m
     [90m 2 |[39m [36mimport[39m { [33mBrowserRouter[39m [36mas[39m [33mRouter[39m[33m,[39m [33mSwitch[39m[33m,[39m [33mRoute[39m[33m,[39m [33mLink[39m } [36mfrom[39m [32m"react-router-dom"[39m[33m;[39m
    [31m[1m>[22m[39m[90m 3 |[39m [36mimport[39m { render } [36mfrom[39m [32m'@testing-library/react'[39m[33m;[39m
     [90m   |[39m [31m[1m^[22m[39m
     [90m 4 |[39m [36mimport[39m { [33mProvider[39m } [36mfrom[39m [32m'react-redux'[39m
     [90m 5 |[39m [36mimport[39m store [36mfrom[39m [32m'../redux/store'[39m
     [90m 6 |[39m[0m

      at Resolver.resolveModule (node_modules/jest-resolve/build/resolver.js:324:11)
      at Object.<anonymous> (node_modules/@testing-library/react/dist/pure.js:46:12)
      at Object.<anonymous> (node_modules/@testing-library/react/dist/index.js:7:13)
      at Object.<anonymous> (src/__tests__/LoginModal.test.js:3:1)

FAIL src/__tests__/Game.test.js
  ● Test suite failed to run

    Cannot find module '@testing-library/dom' from 'node_modules/@testing-library/react/dist/pure.js'

    Require stack:
      node_modules/@testing-library/react/dist/pure.js
      node_modules/@testing-library/react/dist/index.js
      src/__tests__/Game.test.js

    [0m [90m 1 |[39m [36mimport[39m [33mReact[39m [36mfrom[39m [32m'react'[39m[33m;[39m
     [90m 2 |[39m [36mimport[39m { [33mBrowserRouter[39m [36mas[39m [33mRouter[39m[33m,[39m [33mSwitch[39m[33m,[39m [33mRoute[39m[33m,[39m [33mLink[39m } [36mfrom[39m [32m"react-router-dom"[39m[33m;[39m
    [31m[1m>[22m[39m[90m 3 |[39m [36mimport[39m { render } [36mfrom[39m [32m'@testing-library/react'[39m[33m;[39m
     [90m   |[39m [31m[1m^[22m[39m
     [90m 4 |[39m [36mimport[39m { [33mProvider[39m } [36mfrom[39m [32m'react-redux'[39m
     [90m 5 |[39m [36mimport[39m store [36mfrom[39m [32m'../redux/store'[39m
     [90m 6 |[39m[0m

      at Resolver.resolveModule (node_modules/jest-resolve/build/resolver.js:324:11)
      at Object.<anonymous> (node_modules/@testing-library/react/dist/pure.js:46:12)
      at Object.<anonymous> (node_modules/@testing-library/react/dist/index.js:7:13)
      at Object.<anonymous> (src/__tests__/Game.test.js:3:1)

FAIL src/__tests__/GamePreview.test.js
  ● Test suite failed to run

    Cannot find module '@testing-library/dom' from 'node_modules/@testing-library/react/dist/pure.js'

    Require stack:
      node_modules/@testing-library/react/dist/pure.js
      node_modules/@testing-library/react/dist/index.js
      src/__tests__/GamePreview.test.js

    [0m [90m 1 |[39m [36mimport[39m [33mReact[39m [36mfrom[39m [32m'react'[39m[33m;[39m
     [90m 2 |[39m [36mimport[39m { [33mBrowserRouter[39m [36mas[39m [33mRouter[39m[33m,[39m [33mSwitch[39m[33m,[39m [33mRoute[39m[33m,[39m [33mLink[39m } [36mfrom[39m [32m"react-router-dom"[39m[33m;[39m
    [31m[1m>[22m[39m[90m 3 |[39m [36mimport[39m { render[33m,[39m getByText } [36mfrom[39m [32m'@testing-library/react'[39m[33m;[39m
     [90m   |[39m [31m[1m^[22m[39m
     [90m 4 |[39m [36mimport[39m { [33mProvider[39m } [36mfrom[39m [32m'react-redux'[39m
     [90m 5 |[39m [36mimport[39m store [36mfrom[39m [32m'../redux/store'[39m
     [90m 6 |[39m[0m

      at Resolver.resolveModule (node_modules/jest-resolve/build/resolver.js:324:11)
      at Object.<anonymous> (node_modules/@testing-library/react/dist/pure.js:46:12)
      at Object.<anonymous> (node_modules/@testing-library/react/dist/index.js:7:13)
      at Object.<anonymous> (src/__tests__/GamePreview.test.js:3:1)

FAIL src/__tests__/Predictions.test.js
  ● Test suite failed to run

    Cannot find module '@testing-library/dom' from 'src/__tests__/Predictions.test.js'

    [0m [90m 4 |[39m [36mimport[39m { [33mProvider[39m } [36mfrom[39m [32m'react-redux'[39m
     [90m 5 |[39m [36mimport[39m store [36mfrom[39m [32m'../redux/store'[39m
    [31m[1m>[22m[39m[90m 6 |[39m [36mimport[39m {
     [90m   |[39m [31m[1m^[22m[39m
     [90m 7 |[39m     getByLabelText[33m,[39m
     [90m 8 |[39m     getByText[33m,[39m
     [90m 9 |[39m     getByTestId[33m,[39m[0m

      at Resolver.resolveModule (node_modules/jest-resolve/build/resolver.js:324:11)
      at Object.<anonymous> (src/__tests__/Predictions.test.js:6:1)

Test Suites: 11 failed, 11 total
Tests:       0 total
Snapshots:   0 total
Time:        11.135 s
Ran all test suites.
error Command failed with exit code 1.
info Visit https://yarnpkg.com/en/docs/cli/run for documentation about this command.
