// Jest Snapshot v1, https://goo.gl/fbAQLP

exports[`snapshot test 1`] = `
<div
  className="App"
>
  <div
    className="row"
    style={
      Object {
        "marginBottom": 100,
      }
    }
  >
    <div
      className="navbar navbar-default navbar-fixed-top"
    >
      <div
        className="container"
      >
        <div
          className="header-icon"
        >
          <a
            href="/"
          >
            <img
              alt="Crowd Wisdom Sports"
              src="https://crowdsourcedscores.files.wordpress.com/2016/11/cropped-css-logo-footballleft-webres-1300px.jpg?w=520"
            />
          </a>
        </div>
        <div
          className="navbar-header"
        >
          <a
            className="navbar-brand"
            href="/"
          >
            <span
              className="hidden-md"
            >
              Crowd Wisdom Sports
            </span>
            <span
              className="visible-md"
            >
              CW Sports
            </span>
          </a>
          <button
            className="navbar-toggle"
            data-target="#navbar-main"
            data-toggle="collapse"
            type="button"
          >
            <span
              className="icon-bar"
            />
            <span
              className="icon-bar"
            />
            <span
              className="icon-bar"
            />
          </button>
        </div>
        <div
          className="navbar-collapse collapse"
          id="navbar-main"
        >
          <ul
            className="nav navbar-nav"
          >
            <li>
              <a
                href="#"
              >
                Home
              </a>
            </li>
            <li
              className="active"
            >
              <a
                href="/"
              >
                NFL
              </a>
            </li>
            <li>
              <a
                href="/ncaaf"
              >
                College Bowls
              </a>
            </li>
            <li>
              <a
                href="/ncaam"
              >
                March Madness
              </a>
            </li>
            <li>
              <a
                href="https://blog.crowdsourcedscores.com/"
                target="blog"
              >
                Blog
              </a>
            </li>
            <li>
              <a
                className="dropdown-toggle"
                data-toggle="dropdown"
                href="#"
                id="leaderboards"
              >
                Leaderboards
                <span
                  className="caret"
                />
              </a>
              <ul
                className="dropdown-menu"
              >
                <li
                  style={
                    Object {
                      "textAlign": "center",
                    }
                  }
                >
                  <a
                    href="/crowd.html"
                  >
                    <span
                      className="glyphicons glyphicons-group"
                    />
                     Crowds
                  </a>
                </li>
                <li
                  style={
                    Object {
                      "textAlign": "center",
                    }
                  }
                >
                  <a
                    href="/leaderboard.html"
                  >
                    <span>
                      <i
                        className="glyphicon glyphicon-user"
                      />
                    </span>
                     Users
                  </a>
                </li>
              </ul>
            </li>
            <li
              style={
                Object {
                  "textAlign": "center",
                }
              }
            >
              <button
                className="btn btn-primary"
                disabled={false}
                onClick={[Function]}
                type="button"
              >
                Login/Sign Up
              </button>
            </li>
          </ul>
        </div>
      </div>
    </div>
  </div>
  <div>
    <h2
      className="Header text-center"
    >
      Week undefined Games
    </h2>
  </div>
  <div
    className="loginFields"
  >
    <form>
      <label
        htmlFor="username"
      >
        User Name:
      </label>
      <input
        name="username"
        onChange={[Function]}
        type="text"
      />
      <label
        htmlFor="password"
      >
        Password:
      </label>
      <input
        name="password"
        onChange={[Function]}
        type="password"
      />
      <button
        className="btn btn-primary"
        disabled={false}
        onClick={[Function]}
        type="button"
      >
        Login
      </button>
      <button
        className="btn btn-primary"
        disabled={false}
        onClick={[Function]}
        type="button"
      >
        Launch Modal
      </button>
    </form>
  </div>
  <div>
    <div
      className="dropdown"
      onKeyDown={[Function]}
    >
      <button
        aria-expanded={false}
        aria-haspopup={true}
        className="dropdown-toggle btn btn-primary"
        disabled={false}
        id="dropdown-basic-button"
        onClick={[Function]}
        type="button"
      >
        Select a season
      </button>
    </div>
    <select
      id="year"
      name="year"
      onChange={[Function]}
    >
      <option
        value="2019"
      >
        2019
      </option>
      <option
        value="2018"
      >
        2018
      </option>
      <option
        value="2017"
      >
        2017
      </option>
    </select>
    <div>
      No games available
    </div>
  </div>
</div>
`;
