// Jest Snapshot v1, https://goo.gl/fbAQLP

exports[`render the game screen present a game when there is data 1`] = `
<div
  className="Game"
>
  <a
    className="home-link link"
    href="/undefined/games/undefined/undefined/undefined"
    onClick={[Function]}
  >
    <i
      className="fas fa-arrow-left"
      style={
        Object {
          "fontSize": "1.2em",
          "fontWeight": "bold",
        }
      }
    />
  </a>
  <div
    className="link GamePreview"
  >
    <a
      href="/nfl/games/2019/post/2/1233884"
      onClick={[Function]}
    >
      <div
        className="game-header"
      >
        
        Minnesota Vikings
         vs. 
        
        San Francisco 49ers
      </div>
    </a>
    <div
      className="game-details"
    >
      <div
        className="headerRow"
      >
        <div
          className="gameTime"
        >
          Sat, Jan 11, 20, 1:35 PM PST
        </div>
        <div
          className="gameLocation"
        >
          Levi's Stadium
        </div>
        <div
          className="gameWeather"
        >
          <div>
            <i
              className="ion-md-sunny"
              style={
                Object {
                  "padding": 6,
                }
              }
            />
          </div>
          <div>
            53
            °F
          </div>
        </div>
      </div>
      <div
        className="headerRow"
      >
        <div />
        <div
          className="teamName min secondary"
        >
          MIN
        </div>
        <div
          className="teamName sf primary"
        >
          SF
        </div>
        <div
          className="odds"
        >
          Side
        </div>
        <div
          className="odds"
        >
          Total
        </div>
      </div>
      <div>
        <div
          className="team"
        >
          <div>
            Me
          </div>
          <div>
            <input
              name="predictionAwayTeamScore"
              onChange={[Function]}
              placeholder={null}
              style={
                Object {
                  "width": "100%",
                }
              }
              value=""
            />
          </div>
          <div>
            <input
              name="predictionHomeTeamScore"
              onChange={[Function]}
              placeholder={null}
              style={
                Object {
                  "width": "100%",
                }
              }
              value=""
            />
          </div>
          <div
            className="odds"
          >
            
          </div>
          <div
            className="odds"
          >
            
          </div>
        </div>
      </div>
      <div
        className="team"
      >
        No Crowd Prediction Yet
      </div>
      <div
        style={
          Object {
            "alignItems": "center",
            "flex": 1,
            "flexDirection": "row",
            "justifyContent": "center",
          }
        }
      >
        <button
          className="btn btn-primary"
          disabled={true}
          onClick={[Function]}
          style={
            Object {
              "width": "100%",
            }
          }
          type="submit"
        >
          Predict
        </button>
      </div>
    </div>
  </div>
  <div>
    <div>
      Open: 
      Sun, Jan 5, 20, 5:11 PM PST Spread: -6 Total: 45
    </div>
    <div>
      Last: 
      Tue, Jan 7, 20, 1:04 AM PST Spread: -7 Total: 45
    </div>
    <div />
  </div>
  <a
    className="home-link link"
    href="/undefined/games/undefined/undefined/undefined"
    onClick={[Function]}
  >
    Games List
  </a>
</div>
`;

exports[`render the game screen present a loading game message when game is missing 1`] = `
<div>
  Loading game ...
</div>
`;
